[2026-04-27T23:12:09Z WARN  parabit] Sanitised input expression 0 from:
    (bw k (xor (bw k (or (bw k "%a") (bw k "%op1"))) (bw k "%op1")))
    to:
    (bw k (xor (bw k (or (bw k var_a) (bw k var_op1))) (bw k var_op1)))
[2026-04-27T23:12:09Z WARN  parabit] Sanitised input expression 0 from:
    (bw k (and (bw k "%a") (bw k (xor (bw k "%op1") (bw k (not (bw k 0)))))))
    to:
    (bw k (and (bw k var_a) (bw k (xor (bw k var_op1) (bw k (not (bw k 0)))))))
[2026-04-27T23:12:09Z INFO  parabit] Running parabit on file: AndOrXor_2581_values_0
[2026-04-27T23:12:09Z INFO  parabit] Iteration 0: 18 nodes, 18 classes
[2026-04-27T23:12:09Z INFO  parabit] Iteration 1: 73 nodes, 38 classes
[2026-04-27T23:12:09Z INFO  parabit] Iteration 2: 135 nodes, 51 classes
[2026-04-27T23:12:09Z INFO  parabit] Iteration 3: 265 nodes, 64 classes
[2026-04-27T23:12:09Z INFO  parabit] Iteration 4: 535 nodes, 78 classes
[2026-04-27T23:12:09Z INFO  parabit] Iteration 0: 18 nodes, 18 classes
[2026-04-27T23:12:09Z INFO  parabit] Iteration 1: 73 nodes, 38 classes
[2026-04-27T23:12:09Z INFO  parabit] Iteration 2: 135 nodes, 51 classes
[2026-04-27T23:12:09Z INFO  parabit] Iteration 3: 265 nodes, 64 classes
[2026-04-27T23:12:09Z INFO  parabit] Iteration 4: 535 nodes, 78 classes
[2026-04-27T23:12:09Z INFO  parabit] Iteration 0: 18 nodes, 18 classes
[2026-04-27T23:12:09Z INFO  parabit] Iteration 1: 73 nodes, 38 classes
[2026-04-27T23:12:09Z INFO  parabit] Iteration 2: 135 nodes, 51 classes
[2026-04-27T23:12:09Z INFO  parabit] Iteration 3: 265 nodes, 64 classes
[2026-04-27T23:12:09Z INFO  parabit] Iteration 4: 535 nodes, 78 classes
[2026-04-27T23:12:09Z INFO  parabit] Iteration 0: 18 nodes, 18 classes
[2026-04-27T23:12:09Z INFO  parabit] Iteration 1: 73 nodes, 38 classes
[2026-04-27T23:12:09Z INFO  parabit] Iteration 2: 135 nodes, 51 classes
[2026-04-27T23:12:09Z INFO  parabit] Iteration 3: 265 nodes, 64 classes
[2026-04-27T23:12:09Z INFO  parabit] Iteration 4: 535 nodes, 78 classes
[2026-04-27T23:12:09Z INFO  parabit] Iteration 0: 18 nodes, 18 classes
[2026-04-27T23:12:09Z INFO  parabit] Iteration 1: 73 nodes, 38 classes
[2026-04-27T23:12:09Z INFO  parabit] Iteration 2: 135 nodes, 51 classes
[2026-04-27T23:12:09Z INFO  parabit] Iteration 3: 265 nodes, 64 classes
[2026-04-27T23:12:09Z INFO  parabit] Iteration 4: 535 nodes, 78 classes
[2026-04-27T23:12:09Z INFO  parabit] Iteration 0: 18 nodes, 18 classes
[2026-04-27T23:12:09Z INFO  parabit] Iteration 1: 73 nodes, 38 classes
[2026-04-27T23:12:09Z INFO  parabit] Iteration 2: 135 nodes, 51 classes
[2026-04-27T23:12:09Z INFO  parabit] Iteration 3: 265 nodes, 64 classes
[2026-04-27T23:12:09Z INFO  parabit] Iteration 4: 535 nodes, 78 classes
[2026-04-27T23:12:09Z INFO  parabit] Iteration 0: 18 nodes, 18 classes
[2026-04-27T23:12:09Z INFO  parabit] Iteration 1: 73 nodes, 38 classes
[2026-04-27T23:12:09Z INFO  parabit] Iteration 2: 135 nodes, 51 classes
[2026-04-27T23:12:09Z INFO  parabit] Iteration 3: 265 nodes, 64 classes
[2026-04-27T23:12:09Z INFO  parabit] Iteration 4: 535 nodes, 78 classes
[2026-04-27T23:12:09Z INFO  parabit] Iteration 0: 18 nodes, 18 classes
[2026-04-27T23:12:09Z INFO  parabit] Iteration 1: 73 nodes, 38 classes
[2026-04-27T23:12:09Z INFO  parabit] Iteration 2: 135 nodes, 51 classes
[2026-04-27T23:12:09Z INFO  parabit] Iteration 3: 265 nodes, 64 classes
[2026-04-27T23:12:09Z INFO  parabit] Iteration 4: 535 nodes, 78 classes
[2026-04-27T23:12:09Z INFO  parabit] Iteration 0: 18 nodes, 18 classes
[2026-04-27T23:12:09Z INFO  parabit] Iteration 1: 73 nodes, 38 classes
[2026-04-27T23:12:09Z INFO  parabit] Iteration 2: 135 nodes, 51 classes
[2026-04-27T23:12:09Z INFO  parabit] Iteration 3: 265 nodes, 64 classes
[2026-04-27T23:12:09Z INFO  parabit] Iteration 4: 535 nodes, 78 classes
[2026-04-27T23:12:09Z INFO  parabit] Iteration 0: 18 nodes, 18 classes
[2026-04-27T23:12:09Z INFO  parabit] Iteration 1: 73 nodes, 38 classes
[2026-04-27T23:12:09Z INFO  parabit] Iteration 2: 135 nodes, 51 classes
[2026-04-27T23:12:09Z INFO  parabit] Iteration 3: 265 nodes, 64 classes
[2026-04-27T23:12:09Z INFO  parabit] Iteration 4: 535 nodes, 78 classes
[2026-04-27T23:12:09Z INFO  parabit] Iteration 0: 18 nodes, 18 classes
[2026-04-27T23:12:09Z INFO  parabit] Iteration 1: 73 nodes, 38 classes
[2026-04-27T23:12:09Z INFO  parabit] Iteration 2: 135 nodes, 51 classes
[2026-04-27T23:12:09Z INFO  parabit] Iteration 3: 265 nodes, 64 classes
[2026-04-27T23:12:09Z INFO  parabit] Iteration 4: 535 nodes, 78 classes
[2026-04-27T23:12:09Z INFO  parabit] Iteration 0: 18 nodes, 18 classes
[2026-04-27T23:12:09Z INFO  parabit] Iteration 1: 73 nodes, 38 classes
[2026-04-27T23:12:09Z INFO  parabit] Iteration 2: 135 nodes, 51 classes
[2026-04-27T23:12:09Z INFO  parabit] Iteration 3: 265 nodes, 64 classes
[2026-04-27T23:12:09Z INFO  parabit] Iteration 4: 535 nodes, 78 classes
[2026-04-27T23:12:09Z INFO  parabit] Iteration 0: 18 nodes, 18 classes
[2026-04-27T23:12:09Z INFO  parabit] Iteration 1: 73 nodes, 38 classes
[2026-04-27T23:12:09Z INFO  parabit] Iteration 2: 135 nodes, 51 classes
[2026-04-27T23:12:09Z INFO  parabit] Iteration 3: 265 nodes, 64 classes
[2026-04-27T23:12:09Z INFO  parabit] Iteration 4: 535 nodes, 78 classes
[2026-04-27T23:12:09Z INFO  parabit] Iteration 0: 18 nodes, 18 classes
[2026-04-27T23:12:09Z INFO  parabit] Iteration 1: 73 nodes, 38 classes
[2026-04-27T23:12:09Z INFO  parabit] Iteration 2: 135 nodes, 51 classes
[2026-04-27T23:12:09Z INFO  parabit] Iteration 3: 265 nodes, 64 classes
[2026-04-27T23:12:09Z INFO  parabit] Iteration 4: 535 nodes, 78 classes
[2026-04-27T23:12:09Z INFO  parabit] Iteration 0: 18 nodes, 18 classes
[2026-04-27T23:12:09Z INFO  parabit] Iteration 1: 73 nodes, 38 classes
[2026-04-27T23:12:09Z INFO  parabit] Iteration 2: 135 nodes, 51 classes
[2026-04-27T23:12:09Z INFO  parabit] Iteration 3: 265 nodes, 64 classes
[2026-04-27T23:12:09Z INFO  parabit] Iteration 4: 535 nodes, 78 classes
[2026-04-27T23:12:09Z INFO  parabit] Iteration 0: 18 nodes, 18 classes
[2026-04-27T23:12:09Z INFO  parabit] Iteration 1: 73 nodes, 38 classes
[2026-04-27T23:12:09Z INFO  parabit] Iteration 2: 135 nodes, 51 classes
[2026-04-27T23:12:09Z INFO  parabit] Iteration 3: 265 nodes, 64 classes
[2026-04-27T23:12:09Z INFO  parabit] Iteration 4: 535 nodes, 78 classes
[2026-04-27T23:12:09Z INFO  parabit] Iteration 0: 18 nodes, 18 classes
[2026-04-27T23:12:09Z INFO  parabit] Iteration 1: 73 nodes, 38 classes
[2026-04-27T23:12:09Z INFO  parabit] Iteration 2: 135 nodes, 51 classes
[2026-04-27T23:12:09Z INFO  parabit] Iteration 3: 265 nodes, 64 classes
[2026-04-27T23:12:09Z INFO  parabit] Iteration 4: 535 nodes, 78 classes
[2026-04-27T23:12:09Z INFO  parabit] Iteration 0: 18 nodes, 18 classes
[2026-04-27T23:12:09Z INFO  parabit] Iteration 1: 73 nodes, 38 classes
[2026-04-27T23:12:09Z INFO  parabit] Iteration 2: 135 nodes, 51 classes
[2026-04-27T23:12:09Z INFO  parabit] Iteration 3: 265 nodes, 64 classes
[2026-04-27T23:12:09Z INFO  parabit] Iteration 4: 535 nodes, 78 classes
[2026-04-27T23:12:09Z INFO  parabit] Iteration 0: 18 nodes, 18 classes
[2026-04-27T23:12:09Z INFO  parabit] Iteration 1: 73 nodes, 38 classes
[2026-04-27T23:12:09Z INFO  parabit] Iteration 2: 135 nodes, 51 classes
[2026-04-27T23:12:09Z INFO  parabit] Iteration 3: 265 nodes, 64 classes
[2026-04-27T23:12:09Z INFO  parabit] Iteration 4: 535 nodes, 78 classes
[2026-04-27T23:12:09Z INFO  parabit] Iteration 0: 18 nodes, 18 classes
[2026-04-27T23:12:09Z INFO  parabit] Iteration 1: 73 nodes, 38 classes
[2026-04-27T23:12:09Z INFO  parabit] Iteration 2: 135 nodes, 51 classes
[2026-04-27T23:12:09Z INFO  parabit] Iteration 3: 265 nodes, 64 classes
[2026-04-27T23:12:09Z INFO  parabit] Iteration 4: 535 nodes, 78 classes
[2026-04-27T23:12:09Z INFO  parabit] Iteration 0: 18 nodes, 18 classes
[2026-04-27T23:12:09Z INFO  parabit] Iteration 1: 73 nodes, 38 classes
[2026-04-27T23:12:09Z INFO  parabit] Iteration 2: 135 nodes, 51 classes
[2026-04-27T23:12:09Z INFO  parabit] Iteration 3: 265 nodes, 64 classes
[2026-04-27T23:12:09Z INFO  parabit] Iteration 4: 535 nodes, 78 classes
[2026-04-27T23:12:09Z INFO  parabit] Iteration 0: 18 nodes, 18 classes
[2026-04-27T23:12:09Z INFO  parabit] Iteration 1: 73 nodes, 38 classes
[2026-04-27T23:12:09Z INFO  parabit] Iteration 2: 135 nodes, 51 classes
[2026-04-27T23:12:09Z INFO  parabit] Iteration 3: 265 nodes, 64 classes
[2026-04-27T23:12:09Z INFO  parabit] Iteration 4: 535 nodes, 78 classes
[2026-04-27T23:12:09Z INFO  parabit] Iteration 0: 18 nodes, 18 classes
[2026-04-27T23:12:09Z INFO  parabit] Iteration 1: 73 nodes, 38 classes
[2026-04-27T23:12:09Z INFO  parabit] Iteration 2: 135 nodes, 51 classes
[2026-04-27T23:12:09Z INFO  parabit] Iteration 3: 265 nodes, 64 classes
[2026-04-27T23:12:09Z INFO  parabit] Iteration 4: 535 nodes, 78 classes
[2026-04-27T23:12:09Z INFO  parabit] Iteration 0: 18 nodes, 18 classes
[2026-04-27T23:12:09Z INFO  parabit] Iteration 1: 73 nodes, 38 classes
[2026-04-27T23:12:09Z INFO  parabit] Iteration 2: 135 nodes, 51 classes
[2026-04-27T23:12:09Z INFO  parabit] Iteration 3: 265 nodes, 64 classes
[2026-04-27T23:12:09Z INFO  parabit] Iteration 4: 535 nodes, 78 classes
[2026-04-27T23:12:09Z INFO  parabit] Iteration 0: 18 nodes, 18 classes
[2026-04-27T23:12:09Z INFO  parabit] Iteration 1: 73 nodes, 38 classes
[2026-04-27T23:12:09Z INFO  parabit] Iteration 2: 135 nodes, 51 classes
[2026-04-27T23:12:09Z INFO  parabit] Iteration 3: 265 nodes, 64 classes
[2026-04-27T23:12:09Z INFO  parabit] Iteration 4: 535 nodes, 78 classes
[2026-04-27T23:12:09Z INFO  parabit] Iteration 0: 18 nodes, 18 classes
[2026-04-27T23:12:09Z INFO  parabit] Iteration 1: 73 nodes, 38 classes
[2026-04-27T23:12:09Z INFO  parabit] Iteration 2: 135 nodes, 51 classes
[2026-04-27T23:12:09Z INFO  parabit] Iteration 3: 265 nodes, 64 classes
[2026-04-27T23:12:09Z INFO  parabit] Iteration 4: 535 nodes, 78 classes
[2026-04-27T23:12:09Z INFO  parabit] Iteration 0: 18 nodes, 18 classes
[2026-04-27T23:12:09Z INFO  parabit] Iteration 1: 73 nodes, 38 classes
[2026-04-27T23:12:09Z INFO  parabit] Iteration 2: 135 nodes, 51 classes
[2026-04-27T23:12:09Z INFO  parabit] Iteration 3: 265 nodes, 64 classes
[2026-04-27T23:12:09Z INFO  parabit] Iteration 4: 535 nodes, 78 classes
[2026-04-27T23:12:09Z INFO  parabit] Iteration 0: 18 nodes, 18 classes
[2026-04-27T23:12:09Z INFO  parabit] Iteration 1: 73 nodes, 38 classes
[2026-04-27T23:12:09Z INFO  parabit] Iteration 2: 135 nodes, 51 classes
[2026-04-27T23:12:09Z INFO  parabit] Iteration 3: 265 nodes, 64 classes
[2026-04-27T23:12:09Z INFO  parabit] Iteration 4: 535 nodes, 78 classes
[2026-04-27T23:12:09Z INFO  parabit] Iteration 0: 18 nodes, 18 classes
[2026-04-27T23:12:09Z INFO  parabit] Iteration 1: 73 nodes, 38 classes
[2026-04-27T23:12:09Z INFO  parabit] Iteration 2: 135 nodes, 51 classes
[2026-04-27T23:12:09Z INFO  parabit] Iteration 3: 265 nodes, 64 classes
[2026-04-27T23:12:09Z INFO  parabit] Iteration 4: 535 nodes, 78 classes
[2026-04-27T23:12:09Z INFO  parabit] Iteration 0: 18 nodes, 18 classes
[2026-04-27T23:12:09Z INFO  parabit] Iteration 1: 73 nodes, 38 classes
[2026-04-27T23:12:09Z INFO  parabit] Iteration 2: 135 nodes, 51 classes
[2026-04-27T23:12:09Z INFO  parabit] Iteration 3: 265 nodes, 64 classes
[2026-04-27T23:12:09Z INFO  parabit] Iteration 4: 535 nodes, 78 classes
[2026-04-27T23:12:09Z INFO  parabit] Iteration 0: 18 nodes, 18 classes
[2026-04-27T23:12:09Z INFO  parabit] Iteration 1: 73 nodes, 38 classes
[2026-04-27T23:12:09Z INFO  parabit] Iteration 2: 135 nodes, 51 classes
[2026-04-27T23:12:09Z INFO  parabit] Iteration 3: 265 nodes, 64 classes
[2026-04-27T23:12:09Z INFO  parabit] Iteration 4: 535 nodes, 78 classes
[2026-04-27T23:12:09Z INFO  parabit] Iteration 0: 18 nodes, 18 classes
[2026-04-27T23:12:09Z INFO  parabit] Iteration 1: 73 nodes, 38 classes
[2026-04-27T23:12:09Z INFO  parabit] Iteration 2: 135 nodes, 51 classes
[2026-04-27T23:12:09Z INFO  parabit] Iteration 3: 265 nodes, 64 classes
[2026-04-27T23:12:09Z INFO  parabit] Iteration 4: 535 nodes, 78 classes
[2026-04-27T23:12:09Z INFO  parabit] Iteration 0: 18 nodes, 18 classes
[2026-04-27T23:12:09Z INFO  parabit] Iteration 1: 73 nodes, 38 classes
[2026-04-27T23:12:09Z INFO  parabit] Iteration 2: 135 nodes, 51 classes
[2026-04-27T23:12:09Z INFO  parabit] Iteration 3: 265 nodes, 64 classes
[2026-04-27T23:12:09Z INFO  parabit] Iteration 4: 535 nodes, 78 classes
[2026-04-27T23:12:09Z INFO  parabit] Iteration 0: 18 nodes, 18 classes
[2026-04-27T23:12:09Z INFO  parabit] Iteration 1: 73 nodes, 38 classes
[2026-04-27T23:12:09Z INFO  parabit] Iteration 2: 135 nodes, 51 classes
[2026-04-27T23:12:09Z INFO  parabit] Iteration 3: 265 nodes, 64 classes
[2026-04-27T23:12:09Z INFO  parabit] Iteration 4: 535 nodes, 78 classes
[2026-04-27T23:12:09Z INFO  parabit] Iteration 0: 18 nodes, 18 classes
[2026-04-27T23:12:09Z INFO  parabit] Iteration 1: 73 nodes, 38 classes
[2026-04-27T23:12:09Z INFO  parabit] Iteration 2: 135 nodes, 51 classes
[2026-04-27T23:12:09Z INFO  parabit] Iteration 3: 265 nodes, 64 classes
[2026-04-27T23:12:09Z INFO  parabit] Iteration 4: 535 nodes, 78 classes
[2026-04-27T23:12:09Z INFO  parabit] Iteration 0: 18 nodes, 18 classes
[2026-04-27T23:12:09Z INFO  parabit] Iteration 1: 73 nodes, 38 classes
[2026-04-27T23:12:09Z INFO  parabit] Iteration 2: 135 nodes, 51 classes
[2026-04-27T23:12:09Z INFO  parabit] Iteration 3: 265 nodes, 64 classes
[2026-04-27T23:12:09Z INFO  parabit] Iteration 4: 535 nodes, 78 classes
[2026-04-27T23:12:09Z INFO  parabit] Iteration 0: 18 nodes, 18 classes
[2026-04-27T23:12:09Z INFO  parabit] Iteration 1: 73 nodes, 38 classes
[2026-04-27T23:12:09Z INFO  parabit] Iteration 2: 135 nodes, 51 classes
[2026-04-27T23:12:09Z INFO  parabit] Iteration 3: 265 nodes, 64 classes
[2026-04-27T23:12:09Z INFO  parabit] Iteration 4: 535 nodes, 78 classes
[2026-04-27T23:12:09Z INFO  parabit] Iteration 0: 18 nodes, 18 classes
[2026-04-27T23:12:09Z INFO  parabit] Iteration 1: 73 nodes, 38 classes
[2026-04-27T23:12:09Z INFO  parabit] Iteration 2: 135 nodes, 51 classes
[2026-04-27T23:12:09Z INFO  parabit] Iteration 3: 265 nodes, 64 classes
[2026-04-27T23:12:09Z INFO  parabit] Iteration 4: 535 nodes, 78 classes
[2026-04-27T23:12:09Z INFO  parabit] Iteration 0: 18 nodes, 18 classes
[2026-04-27T23:12:09Z INFO  parabit] Iteration 1: 73 nodes, 38 classes
[2026-04-27T23:12:09Z INFO  parabit] Iteration 2: 135 nodes, 51 classes
[2026-04-27T23:12:09Z INFO  parabit] Iteration 3: 265 nodes, 64 classes
[2026-04-27T23:12:09Z INFO  parabit] Iteration 4: 535 nodes, 78 classes
[2026-04-27T23:12:09Z INFO  parabit] Iteration 0: 18 nodes, 18 classes
[2026-04-27T23:12:09Z INFO  parabit] Iteration 1: 73 nodes, 38 classes
[2026-04-27T23:12:09Z INFO  parabit] Iteration 2: 135 nodes, 51 classes
[2026-04-27T23:12:09Z INFO  parabit] Iteration 3: 265 nodes, 64 classes
[2026-04-27T23:12:09Z INFO  parabit] Iteration 4: 535 nodes, 78 classes
[2026-04-27T23:12:09Z INFO  parabit] Iteration 0: 18 nodes, 18 classes
[2026-04-27T23:12:09Z INFO  parabit] Iteration 1: 73 nodes, 38 classes
[2026-04-27T23:12:09Z INFO  parabit] Iteration 2: 135 nodes, 51 classes
[2026-04-27T23:12:09Z INFO  parabit] Iteration 3: 265 nodes, 64 classes
[2026-04-27T23:12:09Z INFO  parabit] Iteration 4: 535 nodes, 78 classes
[2026-04-27T23:12:09Z INFO  parabit] Iteration 0: 18 nodes, 18 classes
[2026-04-27T23:12:09Z INFO  parabit] Iteration 1: 73 nodes, 38 classes
[2026-04-27T23:12:09Z INFO  parabit] Iteration 2: 135 nodes, 51 classes
[2026-04-27T23:12:09Z INFO  parabit] Iteration 3: 265 nodes, 64 classes
[2026-04-27T23:12:09Z INFO  parabit] Iteration 4: 535 nodes, 78 classes
[2026-04-27T23:12:09Z INFO  parabit] Iteration 0: 18 nodes, 18 classes
[2026-04-27T23:12:09Z INFO  parabit] Iteration 1: 73 nodes, 38 classes
[2026-04-27T23:12:09Z INFO  parabit] Iteration 2: 135 nodes, 51 classes
[2026-04-27T23:12:09Z INFO  parabit] Iteration 3: 265 nodes, 64 classes
[2026-04-27T23:12:09Z INFO  parabit] Iteration 4: 535 nodes, 78 classes
[2026-04-27T23:12:09Z INFO  parabit] Iteration 0: 18 nodes, 18 classes
[2026-04-27T23:12:09Z INFO  parabit] Iteration 1: 73 nodes, 38 classes
[2026-04-27T23:12:09Z INFO  parabit] Iteration 2: 135 nodes, 51 classes
[2026-04-27T23:12:09Z INFO  parabit] Iteration 3: 265 nodes, 64 classes
[2026-04-27T23:12:09Z INFO  parabit] Iteration 4: 535 nodes, 78 classes
[2026-04-27T23:12:09Z INFO  parabit] Iteration 0: 18 nodes, 18 classes
[2026-04-27T23:12:09Z INFO  parabit] Iteration 1: 73 nodes, 38 classes
[2026-04-27T23:12:09Z INFO  parabit] Iteration 2: 135 nodes, 51 classes
[2026-04-27T23:12:10Z INFO  parabit] Iteration 3: 265 nodes, 64 classes
[2026-04-27T23:12:10Z INFO  parabit] Iteration 4: 535 nodes, 78 classes
[2026-04-27T23:12:10Z INFO  parabit] Iteration 0: 18 nodes, 18 classes
[2026-04-27T23:12:10Z INFO  parabit] Iteration 1: 73 nodes, 38 classes
[2026-04-27T23:12:10Z INFO  parabit] Iteration 2: 135 nodes, 51 classes
[2026-04-27T23:12:10Z INFO  parabit] Iteration 3: 265 nodes, 64 classes
[2026-04-27T23:12:10Z INFO  parabit] Iteration 4: 535 nodes, 78 classes
[2026-04-27T23:12:10Z INFO  parabit] Iteration 0: 18 nodes, 18 classes
[2026-04-27T23:12:10Z INFO  parabit] Iteration 1: 73 nodes, 38 classes
[2026-04-27T23:12:10Z INFO  parabit] Iteration 2: 135 nodes, 51 classes
[2026-04-27T23:12:10Z INFO  parabit] Iteration 3: 265 nodes, 64 classes
[2026-04-27T23:12:10Z INFO  parabit] Iteration 4: 535 nodes, 78 classes
[2026-04-27T23:12:10Z INFO  parabit] Iteration 0: 18 nodes, 18 classes
[2026-04-27T23:12:10Z INFO  parabit] Iteration 1: 73 nodes, 38 classes
[2026-04-27T23:12:10Z INFO  parabit] Iteration 2: 135 nodes, 51 classes
[2026-04-27T23:12:10Z INFO  parabit] Iteration 3: 265 nodes, 64 classes
[2026-04-27T23:12:10Z INFO  parabit] Iteration 4: 535 nodes, 78 classes
[2026-04-27T23:12:10Z INFO  parabit] Iteration 0: 18 nodes, 18 classes
[2026-04-27T23:12:10Z INFO  parabit] Iteration 1: 73 nodes, 38 classes
[2026-04-27T23:12:10Z INFO  parabit] Iteration 2: 135 nodes, 51 classes
[2026-04-27T23:12:10Z INFO  parabit] Iteration 3: 265 nodes, 64 classes
[2026-04-27T23:12:10Z INFO  parabit] Iteration 4: 535 nodes, 78 classes
[2026-04-27T23:12:10Z INFO  parabit] Iteration 0: 18 nodes, 18 classes
[2026-04-27T23:12:10Z INFO  parabit] Iteration 1: 73 nodes, 38 classes
[2026-04-27T23:12:10Z INFO  parabit] Iteration 2: 135 nodes, 51 classes
[2026-04-27T23:12:10Z INFO  parabit] Iteration 3: 265 nodes, 64 classes
[2026-04-27T23:12:10Z INFO  parabit] Iteration 4: 535 nodes, 78 classes
[2026-04-27T23:12:10Z INFO  parabit] Iteration 0: 18 nodes, 18 classes
[2026-04-27T23:12:10Z INFO  parabit] Iteration 1: 73 nodes, 38 classes
[2026-04-27T23:12:10Z INFO  parabit] Iteration 2: 135 nodes, 51 classes
[2026-04-27T23:12:10Z INFO  parabit] Iteration 3: 265 nodes, 64 classes
[2026-04-27T23:12:10Z INFO  parabit] Iteration 4: 535 nodes, 78 classes
[2026-04-27T23:12:10Z INFO  parabit] Iteration 0: 18 nodes, 18 classes
[2026-04-27T23:12:10Z INFO  parabit] Iteration 1: 73 nodes, 38 classes
[2026-04-27T23:12:10Z INFO  parabit] Iteration 2: 135 nodes, 51 classes
[2026-04-27T23:12:10Z INFO  parabit] Iteration 3: 265 nodes, 64 classes
[2026-04-27T23:12:10Z INFO  parabit] Iteration 4: 535 nodes, 78 classes
[2026-04-27T23:12:10Z INFO  parabit] Iteration 0: 18 nodes, 18 classes
[2026-04-27T23:12:10Z INFO  parabit] Iteration 1: 73 nodes, 38 classes
[2026-04-27T23:12:10Z INFO  parabit] Iteration 2: 135 nodes, 51 classes
[2026-04-27T23:12:10Z INFO  parabit] Iteration 3: 265 nodes, 64 classes
[2026-04-27T23:12:10Z INFO  parabit] Iteration 4: 535 nodes, 78 classes
[2026-04-27T23:12:10Z INFO  parabit] Iteration 0: 18 nodes, 18 classes
[2026-04-27T23:12:10Z INFO  parabit] Iteration 1: 73 nodes, 38 classes
[2026-04-27T23:12:10Z INFO  parabit] Iteration 2: 135 nodes, 51 classes
[2026-04-27T23:12:10Z INFO  parabit] Iteration 3: 265 nodes, 64 classes
[2026-04-27T23:12:10Z INFO  parabit] Iteration 4: 535 nodes, 78 classes
[2026-04-27T23:12:10Z INFO  parabit] Iteration 0: 18 nodes, 18 classes
[2026-04-27T23:12:10Z INFO  parabit] Iteration 1: 73 nodes, 38 classes
[2026-04-27T23:12:10Z INFO  parabit] Iteration 2: 135 nodes, 51 classes
[2026-04-27T23:12:10Z INFO  parabit] Iteration 3: 265 nodes, 64 classes
[2026-04-27T23:12:10Z INFO  parabit] Iteration 4: 535 nodes, 78 classes
[2026-04-27T23:12:10Z INFO  parabit] Iteration 0: 18 nodes, 18 classes
[2026-04-27T23:12:10Z INFO  parabit] Iteration 1: 73 nodes, 38 classes
[2026-04-27T23:12:10Z INFO  parabit] Iteration 2: 135 nodes, 51 classes
[2026-04-27T23:12:10Z INFO  parabit] Iteration 3: 265 nodes, 64 classes
[2026-04-27T23:12:10Z INFO  parabit] Iteration 4: 535 nodes, 78 classes
[2026-04-27T23:12:10Z INFO  parabit] Iteration 0: 18 nodes, 18 classes
[2026-04-27T23:12:10Z INFO  parabit] Iteration 1: 73 nodes, 38 classes
[2026-04-27T23:12:10Z INFO  parabit] Iteration 2: 135 nodes, 51 classes
[2026-04-27T23:12:10Z INFO  parabit] Iteration 3: 265 nodes, 64 classes
[2026-04-27T23:12:10Z INFO  parabit] Iteration 4: 535 nodes, 78 classes
[2026-04-27T23:12:10Z INFO  parabit] Iteration 0: 18 nodes, 18 classes
[2026-04-27T23:12:10Z INFO  parabit] Iteration 1: 73 nodes, 38 classes
[2026-04-27T23:12:10Z INFO  parabit] Iteration 2: 135 nodes, 51 classes
[2026-04-27T23:12:10Z INFO  parabit] Iteration 3: 265 nodes, 64 classes
[2026-04-27T23:12:10Z INFO  parabit] Iteration 4: 535 nodes, 78 classes
[2026-04-27T23:12:10Z INFO  parabit] Iteration 0: 18 nodes, 18 classes
[2026-04-27T23:12:10Z INFO  parabit] Iteration 1: 73 nodes, 38 classes
[2026-04-27T23:12:10Z INFO  parabit] Iteration 2: 135 nodes, 51 classes
[2026-04-27T23:12:10Z INFO  parabit] Iteration 3: 265 nodes, 64 classes
[2026-04-27T23:12:10Z INFO  parabit] Iteration 4: 535 nodes, 78 classes
[2026-04-27T23:12:10Z INFO  parabit] Iteration 0: 18 nodes, 18 classes
[2026-04-27T23:12:10Z INFO  parabit] Iteration 1: 73 nodes, 38 classes
[2026-04-27T23:12:10Z INFO  parabit] Iteration 2: 135 nodes, 51 classes
[2026-04-27T23:12:10Z INFO  parabit] Iteration 3: 265 nodes, 64 classes
[2026-04-27T23:12:10Z INFO  parabit] Iteration 4: 535 nodes, 78 classes
[2026-04-27T23:12:10Z INFO  parabit] Iteration 0: 18 nodes, 18 classes
[2026-04-27T23:12:10Z INFO  parabit] Iteration 1: 73 nodes, 38 classes
[2026-04-27T23:12:10Z INFO  parabit] Iteration 2: 135 nodes, 51 classes
[2026-04-27T23:12:10Z INFO  parabit] Iteration 3: 265 nodes, 64 classes
[2026-04-27T23:12:10Z INFO  parabit] Iteration 4: 535 nodes, 78 classes
[2026-04-27T23:12:10Z INFO  parabit] Iteration 0: 18 nodes, 18 classes
[2026-04-27T23:12:10Z INFO  parabit] Iteration 1: 73 nodes, 38 classes
[2026-04-27T23:12:10Z INFO  parabit] Iteration 2: 135 nodes, 51 classes
[2026-04-27T23:12:10Z INFO  parabit] Iteration 3: 265 nodes, 64 classes
[2026-04-27T23:12:10Z INFO  parabit] Iteration 4: 535 nodes, 78 classes
[2026-04-27T23:12:10Z INFO  parabit] Iteration 0: 18 nodes, 18 classes
[2026-04-27T23:12:10Z INFO  parabit] Iteration 1: 73 nodes, 38 classes
[2026-04-27T23:12:10Z INFO  parabit] Iteration 2: 135 nodes, 51 classes
[2026-04-27T23:12:10Z INFO  parabit] Iteration 3: 265 nodes, 64 classes
[2026-04-27T23:12:10Z INFO  parabit] Iteration 4: 535 nodes, 78 classes
[2026-04-27T23:12:10Z INFO  parabit] Iteration 0: 18 nodes, 18 classes
[2026-04-27T23:12:10Z INFO  parabit] Iteration 1: 73 nodes, 38 classes
[2026-04-27T23:12:10Z INFO  parabit] Iteration 2: 135 nodes, 51 classes
[2026-04-27T23:12:10Z INFO  parabit] Iteration 3: 265 nodes, 64 classes
[2026-04-27T23:12:10Z INFO  parabit] Iteration 4: 535 nodes, 78 classes
[2026-04-27T23:12:10Z INFO  parabit] Iteration 0: 18 nodes, 18 classes
[2026-04-27T23:12:10Z INFO  parabit] Iteration 1: 73 nodes, 38 classes
[2026-04-27T23:12:10Z INFO  parabit] Iteration 2: 135 nodes, 51 classes
[2026-04-27T23:12:10Z INFO  parabit] Iteration 3: 265 nodes, 64 classes
[2026-04-27T23:12:10Z INFO  parabit] Iteration 4: 535 nodes, 78 classes
[2026-04-27T23:12:10Z INFO  parabit] Iteration 0: 18 nodes, 18 classes
[2026-04-27T23:12:10Z INFO  parabit] Iteration 1: 73 nodes, 38 classes
[2026-04-27T23:12:10Z INFO  parabit] Iteration 2: 135 nodes, 51 classes
[2026-04-27T23:12:10Z INFO  parabit] Iteration 3: 265 nodes, 64 classes
[2026-04-27T23:12:10Z INFO  parabit] Iteration 4: 535 nodes, 78 classes
[2026-04-27T23:12:10Z INFO  parabit] Iteration 0: 18 nodes, 18 classes
[2026-04-27T23:12:10Z INFO  parabit] Iteration 1: 73 nodes, 38 classes
[2026-04-27T23:12:10Z INFO  parabit] Iteration 2: 135 nodes, 51 classes
[2026-04-27T23:12:10Z INFO  parabit] Iteration 3: 265 nodes, 64 classes
[2026-04-27T23:12:10Z INFO  parabit] Iteration 4: 535 nodes, 78 classes
[2026-04-27T23:12:10Z INFO  parabit] Iteration 0: 18 nodes, 18 classes
[2026-04-27T23:12:10Z INFO  parabit] Iteration 1: 73 nodes, 38 classes
[2026-04-27T23:12:10Z INFO  parabit] Iteration 2: 135 nodes, 51 classes
[2026-04-27T23:12:10Z INFO  parabit] Iteration 3: 265 nodes, 64 classes
[2026-04-27T23:12:10Z INFO  parabit] Iteration 4: 535 nodes, 78 classes
[2026-04-27T23:12:10Z INFO  parabit] Iteration 0: 18 nodes, 18 classes
[2026-04-27T23:12:10Z INFO  parabit] Iteration 1: 73 nodes, 38 classes
[2026-04-27T23:12:10Z INFO  parabit] Iteration 2: 135 nodes, 51 classes
[2026-04-27T23:12:10Z INFO  parabit] Iteration 3: 265 nodes, 64 classes
[2026-04-27T23:12:10Z INFO  parabit] Iteration 4: 535 nodes, 78 classes
[2026-04-27T23:12:10Z INFO  parabit] Iteration 0: 18 nodes, 18 classes
[2026-04-27T23:12:10Z INFO  parabit] Iteration 1: 73 nodes, 38 classes
[2026-04-27T23:12:10Z INFO  parabit] Iteration 2: 135 nodes, 51 classes
[2026-04-27T23:12:10Z INFO  parabit] Iteration 3: 265 nodes, 64 classes
[2026-04-27T23:12:10Z INFO  parabit] Iteration 4: 535 nodes, 78 classes
[2026-04-27T23:12:10Z INFO  parabit] Iteration 0: 18 nodes, 18 classes
[2026-04-27T23:12:10Z INFO  parabit] Iteration 1: 73 nodes, 38 classes
[2026-04-27T23:12:10Z INFO  parabit] Iteration 2: 135 nodes, 51 classes
[2026-04-27T23:12:10Z INFO  parabit] Iteration 3: 265 nodes, 64 classes
[2026-04-27T23:12:10Z INFO  parabit] Iteration 4: 535 nodes, 78 classes
[2026-04-27T23:12:10Z INFO  parabit] Iteration 0: 18 nodes, 18 classes
[2026-04-27T23:12:10Z INFO  parabit] Iteration 1: 73 nodes, 38 classes
[2026-04-27T23:12:10Z INFO  parabit] Iteration 2: 135 nodes, 51 classes
[2026-04-27T23:12:10Z INFO  parabit] Iteration 3: 265 nodes, 64 classes
[2026-04-27T23:12:10Z INFO  parabit] Iteration 4: 535 nodes, 78 classes
[2026-04-27T23:12:10Z INFO  parabit] Iteration 0: 18 nodes, 18 classes
[2026-04-27T23:12:10Z INFO  parabit] Iteration 1: 73 nodes, 38 classes
[2026-04-27T23:12:10Z INFO  parabit] Iteration 2: 135 nodes, 51 classes
[2026-04-27T23:12:10Z INFO  parabit] Iteration 3: 265 nodes, 64 classes
[2026-04-27T23:12:10Z INFO  parabit] Iteration 4: 535 nodes, 78 classes
[2026-04-27T23:12:10Z INFO  parabit] Iteration 0: 18 nodes, 18 classes
[2026-04-27T23:12:10Z INFO  parabit] Iteration 1: 73 nodes, 38 classes
[2026-04-27T23:12:10Z INFO  parabit] Iteration 2: 135 nodes, 51 classes
[2026-04-27T23:12:10Z INFO  parabit] Iteration 3: 265 nodes, 64 classes
[2026-04-27T23:12:10Z INFO  parabit] Iteration 4: 535 nodes, 78 classes
[2026-04-27T23:12:10Z INFO  parabit] Iteration 0: 18 nodes, 18 classes
[2026-04-27T23:12:10Z INFO  parabit] Iteration 1: 73 nodes, 38 classes
[2026-04-27T23:12:10Z INFO  parabit] Iteration 2: 135 nodes, 51 classes
[2026-04-27T23:12:10Z INFO  parabit] Iteration 3: 265 nodes, 64 classes
[2026-04-27T23:12:10Z INFO  parabit] Iteration 4: 535 nodes, 78 classes
[2026-04-27T23:12:10Z INFO  parabit] Iteration 0: 18 nodes, 18 classes
[2026-04-27T23:12:10Z INFO  parabit] Iteration 1: 73 nodes, 38 classes
[2026-04-27T23:12:10Z INFO  parabit] Iteration 2: 135 nodes, 51 classes
[2026-04-27T23:12:10Z INFO  parabit] Iteration 3: 265 nodes, 64 classes
[2026-04-27T23:12:10Z INFO  parabit] Iteration 4: 535 nodes, 78 classes
[2026-04-27T23:12:10Z INFO  parabit] Iteration 0: 18 nodes, 18 classes
[2026-04-27T23:12:10Z INFO  parabit] Iteration 1: 73 nodes, 38 classes
[2026-04-27T23:12:10Z INFO  parabit] Iteration 2: 135 nodes, 51 classes
[2026-04-27T23:12:10Z INFO  parabit] Iteration 3: 265 nodes, 64 classes
[2026-04-27T23:12:10Z INFO  parabit] Iteration 4: 535 nodes, 78 classes
[2026-04-27T23:12:10Z INFO  parabit] Iteration 0: 18 nodes, 18 classes
[2026-04-27T23:12:10Z INFO  parabit] Iteration 1: 73 nodes, 38 classes
[2026-04-27T23:12:10Z INFO  parabit] Iteration 2: 135 nodes, 51 classes
[2026-04-27T23:12:10Z INFO  parabit] Iteration 3: 265 nodes, 64 classes
[2026-04-27T23:12:10Z INFO  parabit] Iteration 4: 535 nodes, 78 classes
[2026-04-27T23:12:10Z INFO  parabit] Iteration 0: 18 nodes, 18 classes
[2026-04-27T23:12:10Z INFO  parabit] Iteration 1: 73 nodes, 38 classes
[2026-04-27T23:12:10Z INFO  parabit] Iteration 2: 135 nodes, 51 classes
[2026-04-27T23:12:10Z INFO  parabit] Iteration 3: 265 nodes, 64 classes
[2026-04-27T23:12:10Z INFO  parabit] Iteration 4: 535 nodes, 78 classes
[2026-04-27T23:12:10Z INFO  parabit] Iteration 0: 18 nodes, 18 classes
[2026-04-27T23:12:10Z INFO  parabit] Iteration 1: 73 nodes, 38 classes
[2026-04-27T23:12:10Z INFO  parabit] Iteration 2: 135 nodes, 51 classes
[2026-04-27T23:12:10Z INFO  parabit] Iteration 3: 265 nodes, 64 classes
[2026-04-27T23:12:10Z INFO  parabit] Iteration 4: 535 nodes, 78 classes
[2026-04-27T23:12:10Z INFO  parabit] Iteration 0: 18 nodes, 18 classes
[2026-04-27T23:12:10Z INFO  parabit] Iteration 1: 73 nodes, 38 classes
[2026-04-27T23:12:10Z INFO  parabit] Iteration 2: 135 nodes, 51 classes
[2026-04-27T23:12:10Z INFO  parabit] Iteration 3: 265 nodes, 64 classes
[2026-04-27T23:12:10Z INFO  parabit] Iteration 4: 535 nodes, 78 classes
[2026-04-27T23:12:10Z INFO  parabit] Iteration 0: 18 nodes, 18 classes
[2026-04-27T23:12:10Z INFO  parabit] Iteration 1: 73 nodes, 38 classes
[2026-04-27T23:12:10Z INFO  parabit] Iteration 2: 135 nodes, 51 classes
[2026-04-27T23:12:10Z INFO  parabit] Iteration 3: 265 nodes, 64 classes
[2026-04-27T23:12:10Z INFO  parabit] Iteration 4: 535 nodes, 78 classes
[2026-04-27T23:12:10Z INFO  parabit] Iteration 0: 18 nodes, 18 classes
[2026-04-27T23:12:10Z INFO  parabit] Iteration 1: 73 nodes, 38 classes
[2026-04-27T23:12:10Z INFO  parabit] Iteration 2: 135 nodes, 51 classes
[2026-04-27T23:12:10Z INFO  parabit] Iteration 3: 265 nodes, 64 classes
[2026-04-27T23:12:10Z INFO  parabit] Iteration 4: 535 nodes, 78 classes
[2026-04-27T23:12:10Z INFO  parabit] Iteration 0: 18 nodes, 18 classes
[2026-04-27T23:12:10Z INFO  parabit] Iteration 1: 73 nodes, 38 classes
[2026-04-27T23:12:10Z INFO  parabit] Iteration 2: 135 nodes, 51 classes
[2026-04-27T23:12:10Z INFO  parabit] Iteration 3: 265 nodes, 64 classes
[2026-04-27T23:12:10Z INFO  parabit] Iteration 4: 535 nodes, 78 classes
[2026-04-27T23:12:10Z INFO  parabit] Iteration 0: 18 nodes, 18 classes
[2026-04-27T23:12:10Z INFO  parabit] Iteration 1: 73 nodes, 38 classes
[2026-04-27T23:12:10Z INFO  parabit] Iteration 2: 135 nodes, 51 classes
[2026-04-27T23:12:10Z INFO  parabit] Iteration 3: 265 nodes, 64 classes
[2026-04-27T23:12:10Z INFO  parabit] Iteration 4: 535 nodes, 78 classes
[2026-04-27T23:12:10Z INFO  parabit] Iteration 0: 18 nodes, 18 classes
[2026-04-27T23:12:10Z INFO  parabit] Iteration 1: 73 nodes, 38 classes
[2026-04-27T23:12:10Z INFO  parabit] Iteration 2: 135 nodes, 51 classes
[2026-04-27T23:12:10Z INFO  parabit] Iteration 3: 265 nodes, 64 classes
[2026-04-27T23:12:10Z INFO  parabit] Iteration 4: 535 nodes, 78 classes
[2026-04-27T23:12:10Z INFO  parabit] Iteration 0: 18 nodes, 18 classes
[2026-04-27T23:12:10Z INFO  parabit] Iteration 1: 73 nodes, 38 classes
[2026-04-27T23:12:10Z INFO  parabit] Iteration 2: 135 nodes, 51 classes
[2026-04-27T23:12:10Z INFO  parabit] Iteration 3: 265 nodes, 64 classes
[2026-04-27T23:12:10Z INFO  parabit] Iteration 4: 535 nodes, 78 classes
[2026-04-27T23:12:10Z INFO  parabit] Iteration 0: 18 nodes, 18 classes
[2026-04-27T23:12:10Z INFO  parabit] Iteration 1: 73 nodes, 38 classes
[2026-04-27T23:12:10Z INFO  parabit] Iteration 2: 135 nodes, 51 classes
[2026-04-27T23:12:10Z INFO  parabit] Iteration 3: 265 nodes, 64 classes
[2026-04-27T23:12:10Z INFO  parabit] Iteration 4: 535 nodes, 78 classes
[2026-04-27T23:12:10Z INFO  parabit] Iteration 0: 18 nodes, 18 classes
[2026-04-27T23:12:10Z INFO  parabit] Iteration 1: 73 nodes, 38 classes
[2026-04-27T23:12:10Z INFO  parabit] Iteration 2: 135 nodes, 51 classes
[2026-04-27T23:12:10Z INFO  parabit] Iteration 3: 265 nodes, 64 classes
[2026-04-27T23:12:10Z INFO  parabit] Iteration 4: 535 nodes, 78 classes
[2026-04-27T23:12:10Z INFO  parabit] Iteration 0: 18 nodes, 18 classes
[2026-04-27T23:12:10Z INFO  parabit] Iteration 1: 73 nodes, 38 classes
[2026-04-27T23:12:10Z INFO  parabit] Iteration 2: 135 nodes, 51 classes
[2026-04-27T23:12:10Z INFO  parabit] Iteration 3: 265 nodes, 64 classes
[2026-04-27T23:12:10Z INFO  parabit] Iteration 4: 535 nodes, 78 classes
[2026-04-27T23:12:10Z INFO  parabit] Iteration 0: 18 nodes, 18 classes
[2026-04-27T23:12:10Z INFO  parabit] Iteration 1: 73 nodes, 38 classes
[2026-04-27T23:12:10Z INFO  parabit] Iteration 2: 135 nodes, 51 classes
[2026-04-27T23:12:10Z INFO  parabit] Iteration 3: 265 nodes, 64 classes
[2026-04-27T23:12:10Z INFO  parabit] Iteration 4: 535 nodes, 78 classes
[2026-04-27T23:12:10Z INFO  parabit] Iteration 0: 18 nodes, 18 classes
[2026-04-27T23:12:10Z INFO  parabit] Iteration 1: 73 nodes, 38 classes
[2026-04-27T23:12:10Z INFO  parabit] Iteration 2: 135 nodes, 51 classes
[2026-04-27T23:12:10Z INFO  parabit] Iteration 3: 265 nodes, 64 classes
[2026-04-27T23:12:10Z INFO  parabit] Iteration 4: 535 nodes, 78 classes
[2026-04-27T23:12:10Z INFO  parabit] Iteration 0: 18 nodes, 18 classes
[2026-04-27T23:12:10Z INFO  parabit] Iteration 1: 73 nodes, 38 classes
[2026-04-27T23:12:10Z INFO  parabit] Iteration 2: 135 nodes, 51 classes
[2026-04-27T23:12:10Z INFO  parabit] Iteration 3: 265 nodes, 64 classes
[2026-04-27T23:12:10Z INFO  parabit] Iteration 4: 535 nodes, 78 classes
[2026-04-27T23:12:10Z INFO  parabit] Iteration 0: 18 nodes, 18 classes
[2026-04-27T23:12:10Z INFO  parabit] Iteration 1: 73 nodes, 38 classes
[2026-04-27T23:12:10Z INFO  parabit] Iteration 2: 135 nodes, 51 classes
[2026-04-27T23:12:10Z INFO  parabit] Iteration 3: 265 nodes, 64 classes
[2026-04-27T23:12:10Z INFO  parabit] Iteration 4: 535 nodes, 78 classes
[2026-04-27T23:12:10Z INFO  parabit] Iteration 0: 18 nodes, 18 classes
[2026-04-27T23:12:10Z INFO  parabit] Iteration 1: 73 nodes, 38 classes
[2026-04-27T23:12:10Z INFO  parabit] Iteration 2: 135 nodes, 51 classes
[2026-04-27T23:12:10Z INFO  parabit] Iteration 3: 265 nodes, 64 classes
[2026-04-27T23:12:10Z INFO  parabit] Iteration 4: 535 nodes, 78 classes
[2026-04-27T23:12:10Z INFO  parabit] Iteration 0: 18 nodes, 18 classes
[2026-04-27T23:12:10Z INFO  parabit] Iteration 1: 73 nodes, 38 classes
[2026-04-27T23:12:10Z INFO  parabit] Iteration 2: 135 nodes, 51 classes
[2026-04-27T23:12:10Z INFO  parabit] Iteration 3: 265 nodes, 64 classes
[2026-04-27T23:12:10Z INFO  parabit] Iteration 4: 535 nodes, 78 classes
[2026-04-27T23:12:10Z INFO  parabit] Iteration 0: 18 nodes, 18 classes
[2026-04-27T23:12:10Z INFO  parabit] Iteration 1: 73 nodes, 38 classes
[2026-04-27T23:12:10Z INFO  parabit] Iteration 2: 135 nodes, 51 classes
[2026-04-27T23:12:10Z INFO  parabit] Iteration 3: 265 nodes, 64 classes
[2026-04-27T23:12:10Z INFO  parabit] Iteration 4: 535 nodes, 78 classes
[2026-04-27T23:12:10Z INFO  parabit] Iteration 0: 18 nodes, 18 classes
[2026-04-27T23:12:10Z INFO  parabit] Iteration 1: 73 nodes, 38 classes
[2026-04-27T23:12:10Z INFO  parabit] Iteration 2: 135 nodes, 51 classes
[2026-04-27T23:12:10Z INFO  parabit] Iteration 3: 265 nodes, 64 classes
[2026-04-27T23:12:10Z INFO  parabit] Iteration 4: 535 nodes, 78 classes
[2026-04-27T23:12:10Z INFO  parabit] Iteration 0: 18 nodes, 18 classes
[2026-04-27T23:12:10Z INFO  parabit] Iteration 1: 73 nodes, 38 classes
[2026-04-27T23:12:10Z INFO  parabit] Iteration 2: 135 nodes, 51 classes
[2026-04-27T23:12:10Z INFO  parabit] Iteration 3: 265 nodes, 64 classes
[2026-04-27T23:12:10Z INFO  parabit] Iteration 4: 535 nodes, 78 classes
[2026-04-27T23:12:10Z INFO  parabit] Iteration 0: 18 nodes, 18 classes
[2026-04-27T23:12:10Z INFO  parabit] Iteration 1: 73 nodes, 38 classes
[2026-04-27T23:12:10Z INFO  parabit] Iteration 2: 135 nodes, 51 classes
[2026-04-27T23:12:10Z INFO  parabit] Iteration 3: 265 nodes, 64 classes
[2026-04-27T23:12:10Z INFO  parabit] Iteration 4: 535 nodes, 78 classes
{"elapsed":0.53, "maxrss":5480}
