Started at Mon Apr 27 22:28:06 GMT 2026 (polyml-5.9.2_x86_64_32-linux on f6521e4676da)
ISABELLE_TOOL_JAVA_OPTIONS="-Djava.awt.headless=true -Xms512m -Xmx4g -Xss16m"
ISABELLE_BUILD_OPTIONS=""

ML_PLATFORM="x86_64_32-linux"
ML_HOME="/home/isabelle/Isabelle/contrib/polyml-5.9.2-2/x86_64_32-linux"
ML_SYSTEM="polyml-5.9.2"
ML_OPTIONS="--minheap 500"

Session Pure/Pure
Session Misc/Tools
Session HOL/HOL (main)
Session Unsorted/CheckProofs
Cleaned CheckProofs
Running CheckProofs ...
CheckProofs: theory CheckProofs.rewrite_defs
CheckProofs: theory CheckProofs.arith_lemmas
CheckProofs: theory CheckProofs.bitwise_lemmas
CheckProofs: theory CheckProofs.signed_lemmas
CheckProofs: theory CheckProofs.equation_abc
CheckProofs: theory CheckProofs.abs_diff_shared_sub
CheckProofs: theory CheckProofs.mixed_lemmas
CheckProofs: theory CheckProofs.unsigned_rounding_v1_to_v2
CheckProofs: theory CheckProofs.unsigned_rounding_v0_to_v2
CheckProofs: theory CheckProofs.rewrite_defs 100% (0.178s cumulated time)
CheckProofs: theory CheckProofs.arith_lemmas 100% (6.875s cumulated time)
CheckProofs: theory CheckProofs.bitwise_lemmas 100% (0.821s cumulated time)
CheckProofs: theory CheckProofs.equation_abc 100% (0.865s cumulated time)
CheckProofs: theory CheckProofs.signed_lemmas 100% (4.472s cumulated time)
CheckProofs: theory CheckProofs.abs_diff_shared_sub 100% (0.596s cumulated time)
CheckProofs: theory CheckProofs.unsigned_rounding_v1_to_v2 100% (6.625s cumulated time)
CheckProofs: command "by" running for 21.677s (line 7 of theory "CheckProofs.mixed_lemmas")
CheckProofs: command "by" running for 23.686s (line 7 of theory "CheckProofs.mixed_lemmas")
CheckProofs: command "by" running for 25.688s (line 7 of theory "CheckProofs.mixed_lemmas")
CheckProofs: command "by" running for 27.690s (line 7 of theory "CheckProofs.mixed_lemmas")
CheckProofs: theory CheckProofs.mixed_lemmas 100% (30.082s cumulated time)
CheckProofs: command "by" running for 20.771s (line 64 of theory "CheckProofs.unsigned_rounding_v0_to_v2")
CheckProofs: command "by" running for 22.773s (line 64 of theory "CheckProofs.unsigned_rounding_v0_to_v2")
CheckProofs: command "by" running for 24.775s (line 64 of theory "CheckProofs.unsigned_rounding_v0_to_v2")
CheckProofs: command "by" running for 26.776s (line 64 of theory "CheckProofs.unsigned_rounding_v0_to_v2")
CheckProofs: command "by" running for 28.778s (line 64 of theory "CheckProofs.unsigned_rounding_v0_to_v2")
CheckProofs: command "by" running for 30.779s (line 64 of theory "CheckProofs.unsigned_rounding_v0_to_v2")
CheckProofs: command "by" running for 32.782s (line 64 of theory "CheckProofs.unsigned_rounding_v0_to_v2")
CheckProofs: command "by" running for 34.785s (line 64 of theory "CheckProofs.unsigned_rounding_v0_to_v2")
CheckProofs: command "by" running for 36.787s (line 64 of theory "CheckProofs.unsigned_rounding_v0_to_v2")
CheckProofs: command "by" running for 38.789s (line 64 of theory "CheckProofs.unsigned_rounding_v0_to_v2")
CheckProofs: command "by" running for 40.791s (line 64 of theory "CheckProofs.unsigned_rounding_v0_to_v2")
CheckProofs: command "by" running for 42.793s (line 64 of theory "CheckProofs.unsigned_rounding_v0_to_v2")
CheckProofs: command "by" running for 44.795s (line 64 of theory "CheckProofs.unsigned_rounding_v0_to_v2")
CheckProofs: command "by" running for 46.796s (line 64 of theory "CheckProofs.unsigned_rounding_v0_to_v2")
CheckProofs: command "by" running for 48.798s (line 64 of theory "CheckProofs.unsigned_rounding_v0_to_v2")
CheckProofs: command "by" running for 21.031s (line 68 of theory "CheckProofs.unsigned_rounding_v0_to_v2")
CheckProofs: command "by" running for 23.033s (line 68 of theory "CheckProofs.unsigned_rounding_v0_to_v2")
CheckProofs: command "by" running for 25.033s (line 68 of theory "CheckProofs.unsigned_rounding_v0_to_v2")
CheckProofs: command "by" running for 27.035s (line 68 of theory "CheckProofs.unsigned_rounding_v0_to_v2")
CheckProofs: command "by" running for 29.036s (line 68 of theory "CheckProofs.unsigned_rounding_v0_to_v2")
CheckProofs: command "by" running for 31.037s (line 68 of theory "CheckProofs.unsigned_rounding_v0_to_v2")
CheckProofs: command "by" running for 33.038s (line 68 of theory "CheckProofs.unsigned_rounding_v0_to_v2")
CheckProofs: command "by" running for 35.040s (line 68 of theory "CheckProofs.unsigned_rounding_v0_to_v2")
CheckProofs: command "by" running for 37.042s (line 68 of theory "CheckProofs.unsigned_rounding_v0_to_v2")
CheckProofs: command "by" running for 39.044s (line 68 of theory "CheckProofs.unsigned_rounding_v0_to_v2")
CheckProofs: command "by" running for 41.045s (line 68 of theory "CheckProofs.unsigned_rounding_v0_to_v2")
CheckProofs: command "by" running for 43.047s (line 68 of theory "CheckProofs.unsigned_rounding_v0_to_v2")
CheckProofs: command "by" running for 45.048s (line 68 of theory "CheckProofs.unsigned_rounding_v0_to_v2")
CheckProofs: command "by" running for 47.050s (line 68 of theory "CheckProofs.unsigned_rounding_v0_to_v2")
CheckProofs: command "by" running for 49.051s (line 68 of theory "CheckProofs.unsigned_rounding_v0_to_v2")
CheckProofs: command "by" running for 51.053s (line 68 of theory "CheckProofs.unsigned_rounding_v0_to_v2")
CheckProofs: command "by" running for 53.055s (line 68 of theory "CheckProofs.unsigned_rounding_v0_to_v2")
CheckProofs: command "by" running for 20.243s (line 70 of theory "CheckProofs.unsigned_rounding_v0_to_v2")
CheckProofs: command "by" running for 22.245s (line 70 of theory "CheckProofs.unsigned_rounding_v0_to_v2")
CheckProofs: command "by" running for 24.247s (line 70 of theory "CheckProofs.unsigned_rounding_v0_to_v2")
CheckProofs: command "by" running for 26.248s (line 70 of theory "CheckProofs.unsigned_rounding_v0_to_v2")
CheckProofs: command "by" running for 28.250s (line 70 of theory "CheckProofs.unsigned_rounding_v0_to_v2")
CheckProofs: command "by" running for 30.251s (line 70 of theory "CheckProofs.unsigned_rounding_v0_to_v2")
CheckProofs: command "by" running for 32.253s (line 70 of theory "CheckProofs.unsigned_rounding_v0_to_v2")
CheckProofs: command "by" running for 34.254s (line 70 of theory "CheckProofs.unsigned_rounding_v0_to_v2")
CheckProofs: command "by" running for 36.256s (line 70 of theory "CheckProofs.unsigned_rounding_v0_to_v2")
CheckProofs: command "by" running for 38.257s (line 70 of theory "CheckProofs.unsigned_rounding_v0_to_v2")
CheckProofs: command "by" running for 40.258s (line 70 of theory "CheckProofs.unsigned_rounding_v0_to_v2")
CheckProofs: command "by" running for 42.260s (line 70 of theory "CheckProofs.unsigned_rounding_v0_to_v2")
CheckProofs: command "by" running for 44.261s (line 70 of theory "CheckProofs.unsigned_rounding_v0_to_v2")
CheckProofs: command "by" running for 46.263s (line 70 of theory "CheckProofs.unsigned_rounding_v0_to_v2")
CheckProofs: command "by" running for 48.265s (line 70 of theory "CheckProofs.unsigned_rounding_v0_to_v2")
CheckProofs: command "by" running for 50.266s (line 70 of theory "CheckProofs.unsigned_rounding_v0_to_v2")
CheckProofs: command "by" running for 52.268s (line 70 of theory "CheckProofs.unsigned_rounding_v0_to_v2")
CheckProofs: command "by" running for 54.270s (line 70 of theory "CheckProofs.unsigned_rounding_v0_to_v2")
CheckProofs: command "by" running for 56.271s (line 70 of theory "CheckProofs.unsigned_rounding_v0_to_v2")
CheckProofs: command "by" running for 21.267s (line 74 of theory "CheckProofs.unsigned_rounding_v0_to_v2")
CheckProofs: command "by" running for 23.268s (line 74 of theory "CheckProofs.unsigned_rounding_v0_to_v2")
CheckProofs: command "by" running for 25.270s (line 74 of theory "CheckProofs.unsigned_rounding_v0_to_v2")
CheckProofs: command "by" running for 27.271s (line 74 of theory "CheckProofs.unsigned_rounding_v0_to_v2")
CheckProofs: command "by" running for 29.273s (line 74 of theory "CheckProofs.unsigned_rounding_v0_to_v2")
CheckProofs: command "by" running for 31.274s (line 74 of theory "CheckProofs.unsigned_rounding_v0_to_v2")
CheckProofs: command "by" running for 33.276s (line 74 of theory "CheckProofs.unsigned_rounding_v0_to_v2")
CheckProofs: command "by" running for 35.277s (line 74 of theory "CheckProofs.unsigned_rounding_v0_to_v2")
CheckProofs: command "by" running for 37.279s (line 74 of theory "CheckProofs.unsigned_rounding_v0_to_v2")
CheckProofs: command "by" running for 39.280s (line 74 of theory "CheckProofs.unsigned_rounding_v0_to_v2")
CheckProofs: command "by" running for 41.281s (line 74 of theory "CheckProofs.unsigned_rounding_v0_to_v2")
CheckProofs: command "by" running for 43.283s (line 74 of theory "CheckProofs.unsigned_rounding_v0_to_v2")
CheckProofs: command "by" running for 45.284s (line 74 of theory "CheckProofs.unsigned_rounding_v0_to_v2")
CheckProofs: command "by" running for 47.286s (line 74 of theory "CheckProofs.unsigned_rounding_v0_to_v2")
CheckProofs: command "by" running for 49.287s (line 74 of theory "CheckProofs.unsigned_rounding_v0_to_v2")
CheckProofs: command "by" running for 51.289s (line 74 of theory "CheckProofs.unsigned_rounding_v0_to_v2")
CheckProofs: command "by" running for 53.290s (line 74 of theory "CheckProofs.unsigned_rounding_v0_to_v2")
CheckProofs: command "by" running for 21.415s (line 76 of theory "CheckProofs.unsigned_rounding_v0_to_v2")
CheckProofs: command "by" running for 23.417s (line 76 of theory "CheckProofs.unsigned_rounding_v0_to_v2")
CheckProofs: command "by" running for 25.418s (line 76 of theory "CheckProofs.unsigned_rounding_v0_to_v2")
CheckProofs: command "by" running for 27.419s (line 76 of theory "CheckProofs.unsigned_rounding_v0_to_v2")
CheckProofs: command "by" running for 29.421s (line 76 of theory "CheckProofs.unsigned_rounding_v0_to_v2")
CheckProofs: command "by" running for 31.422s (line 76 of theory "CheckProofs.unsigned_rounding_v0_to_v2")
CheckProofs: command "by" running for 33.424s (line 76 of theory "CheckProofs.unsigned_rounding_v0_to_v2")
CheckProofs: command "by" running for 35.425s (line 76 of theory "CheckProofs.unsigned_rounding_v0_to_v2")
CheckProofs: command "by" running for 37.426s (line 76 of theory "CheckProofs.unsigned_rounding_v0_to_v2")
CheckProofs: command "by" running for 39.428s (line 76 of theory "CheckProofs.unsigned_rounding_v0_to_v2")
CheckProofs: command "by" running for 41.429s (line 76 of theory "CheckProofs.unsigned_rounding_v0_to_v2")
CheckProofs: command "by" running for 43.430s (line 76 of theory "CheckProofs.unsigned_rounding_v0_to_v2")
CheckProofs: command "by" running for 45.431s (line 76 of theory "CheckProofs.unsigned_rounding_v0_to_v2")
CheckProofs: command "by" running for 47.433s (line 76 of theory "CheckProofs.unsigned_rounding_v0_to_v2")
CheckProofs: command "by" running for 49.434s (line 76 of theory "CheckProofs.unsigned_rounding_v0_to_v2")
CheckProofs: command "by" running for 20.170s (line 80 of theory "CheckProofs.unsigned_rounding_v0_to_v2")
CheckProofs: command "by" running for 22.171s (line 80 of theory "CheckProofs.unsigned_rounding_v0_to_v2")
CheckProofs: command "by" running for 24.173s (line 80 of theory "CheckProofs.unsigned_rounding_v0_to_v2")
CheckProofs: command "by" running for 26.175s (line 80 of theory "CheckProofs.unsigned_rounding_v0_to_v2")
CheckProofs: command "by" running for 28.175s (line 80 of theory "CheckProofs.unsigned_rounding_v0_to_v2")
CheckProofs: command "by" running for 30.177s (line 80 of theory "CheckProofs.unsigned_rounding_v0_to_v2")
CheckProofs: command "by" running for 32.178s (line 80 of theory "CheckProofs.unsigned_rounding_v0_to_v2")
CheckProofs: command "by" running for 34.180s (line 80 of theory "CheckProofs.unsigned_rounding_v0_to_v2")
CheckProofs: command "by" running for 36.181s (line 80 of theory "CheckProofs.unsigned_rounding_v0_to_v2")
CheckProofs: command "by" running for 38.183s (line 80 of theory "CheckProofs.unsigned_rounding_v0_to_v2")
CheckProofs: command "by" running for 40.184s (line 80 of theory "CheckProofs.unsigned_rounding_v0_to_v2")
CheckProofs: command "by" running for 42.186s (line 80 of theory "CheckProofs.unsigned_rounding_v0_to_v2")
CheckProofs: command "by" running for 44.187s (line 80 of theory "CheckProofs.unsigned_rounding_v0_to_v2")
CheckProofs: command "by" running for 46.189s (line 80 of theory "CheckProofs.unsigned_rounding_v0_to_v2")
CheckProofs: command "by" running for 48.190s (line 80 of theory "CheckProofs.unsigned_rounding_v0_to_v2")
CheckProofs: command "by" running for 50.192s (line 80 of theory "CheckProofs.unsigned_rounding_v0_to_v2")
CheckProofs: command "by" running for 52.193s (line 80 of theory "CheckProofs.unsigned_rounding_v0_to_v2")
CheckProofs: theory CheckProofs.unsigned_rounding_v0_to_v2 100% (552.082s cumulated time)
Timing CheckProofs (6 threads, 555.522s elapsed time, 584.713s cpu time, 9.927s GC time, factor 1.05)
Finished CheckProofs (0:09:16 elapsed time, 0:09:45 cpu time, factor 1.05)

Finished at Mon Apr 27 22:37:30 GMT 2026
0:09:24 elapsed time, 0:09:45 cpu time, factor 1.04
