[2026-04-27T18:18:06Z WARN  parabit] Sanitised input expression 0 from:
    (bw k "%X")
    to:
    (bw k var_X)
[2026-04-27T18:18:06Z WARN  parabit] Sanitised input expression 0 from:
    (bw k "%X")
    to:
    (bw k var_X)
[2026-04-27T18:18:06Z INFO  parabit] Running parabit on file: Select_1100_values_0
[2026-04-27T18:18:06Z INFO  parabit] Iteration 0: 4 nodes, 4 classes
[2026-04-27T18:18:06Z INFO  parabit] Iteration 0: 4 nodes, 4 classes
[2026-04-27T18:18:06Z INFO  parabit] Iteration 0: 4 nodes, 4 classes
[2026-04-27T18:18:06Z INFO  parabit] Iteration 0: 4 nodes, 4 classes
[2026-04-27T18:18:06Z INFO  parabit] Iteration 0: 4 nodes, 4 classes
[2026-04-27T18:18:06Z INFO  parabit] Iteration 0: 4 nodes, 4 classes
[2026-04-27T18:18:06Z INFO  parabit] Iteration 0: 4 nodes, 4 classes
[2026-04-27T18:18:06Z INFO  parabit] Iteration 0: 4 nodes, 4 classes
[2026-04-27T18:18:06Z INFO  parabit] Iteration 0: 4 nodes, 4 classes
[2026-04-27T18:18:06Z INFO  parabit] Iteration 0: 4 nodes, 4 classes
[2026-04-27T18:18:06Z INFO  parabit] Iteration 0: 4 nodes, 4 classes
[2026-04-27T18:18:06Z INFO  parabit] Iteration 0: 4 nodes, 4 classes
[2026-04-27T18:18:06Z INFO  parabit] Iteration 0: 4 nodes, 4 classes
[2026-04-27T18:18:06Z INFO  parabit] Iteration 0: 4 nodes, 4 classes
[2026-04-27T18:18:06Z INFO  parabit] Iteration 0: 4 nodes, 4 classes
[2026-04-27T18:18:06Z INFO  parabit] Iteration 0: 4 nodes, 4 classes
[2026-04-27T18:18:06Z INFO  parabit] Iteration 0: 4 nodes, 4 classes
[2026-04-27T18:18:06Z INFO  parabit] Iteration 0: 4 nodes, 4 classes
[2026-04-27T18:18:06Z INFO  parabit] Iteration 0: 4 nodes, 4 classes
[2026-04-27T18:18:06Z INFO  parabit] Iteration 0: 4 nodes, 4 classes
[2026-04-27T18:18:06Z INFO  parabit] Iteration 0: 4 nodes, 4 classes
[2026-04-27T18:18:06Z INFO  parabit] Iteration 0: 4 nodes, 4 classes
[2026-04-27T18:18:06Z INFO  parabit] Iteration 0: 4 nodes, 4 classes
[2026-04-27T18:18:06Z INFO  parabit] Iteration 0: 4 nodes, 4 classes
[2026-04-27T18:18:06Z INFO  parabit] Iteration 0: 4 nodes, 4 classes
[2026-04-27T18:18:06Z INFO  parabit] Iteration 0: 4 nodes, 4 classes
[2026-04-27T18:18:06Z INFO  parabit] Iteration 0: 4 nodes, 4 classes
[2026-04-27T18:18:06Z INFO  parabit] Iteration 0: 4 nodes, 4 classes
[2026-04-27T18:18:06Z INFO  parabit] Iteration 0: 4 nodes, 4 classes
[2026-04-27T18:18:06Z INFO  parabit] Iteration 0: 4 nodes, 4 classes
[2026-04-27T18:18:06Z INFO  parabit] Iteration 0: 4 nodes, 4 classes
[2026-04-27T18:18:06Z INFO  parabit] Iteration 0: 4 nodes, 4 classes
[2026-04-27T18:18:06Z INFO  parabit] Iteration 0: 4 nodes, 4 classes
[2026-04-27T18:18:06Z INFO  parabit] Iteration 0: 4 nodes, 4 classes
[2026-04-27T18:18:06Z INFO  parabit] Iteration 0: 4 nodes, 4 classes
[2026-04-27T18:18:06Z INFO  parabit] Iteration 0: 4 nodes, 4 classes
[2026-04-27T18:18:06Z INFO  parabit] Iteration 0: 4 nodes, 4 classes
[2026-04-27T18:18:06Z INFO  parabit] Iteration 0: 4 nodes, 4 classes
[2026-04-27T18:18:06Z INFO  parabit] Iteration 0: 4 nodes, 4 classes
[2026-04-27T18:18:06Z INFO  parabit] Iteration 0: 4 nodes, 4 classes
[2026-04-27T18:18:06Z INFO  parabit] Iteration 0: 4 nodes, 4 classes
[2026-04-27T18:18:06Z INFO  parabit] Iteration 0: 4 nodes, 4 classes
[2026-04-27T18:18:06Z INFO  parabit] Iteration 0: 4 nodes, 4 classes
[2026-04-27T18:18:06Z INFO  parabit] Iteration 0: 4 nodes, 4 classes
[2026-04-27T18:18:06Z INFO  parabit] Iteration 0: 4 nodes, 4 classes
[2026-04-27T18:18:06Z INFO  parabit] Iteration 0: 4 nodes, 4 classes
[2026-04-27T18:18:06Z INFO  parabit] Iteration 0: 4 nodes, 4 classes
[2026-04-27T18:18:06Z INFO  parabit] Iteration 0: 4 nodes, 4 classes
[2026-04-27T18:18:06Z INFO  parabit] Iteration 0: 4 nodes, 4 classes
[2026-04-27T18:18:06Z INFO  parabit] Iteration 0: 4 nodes, 4 classes
[2026-04-27T18:18:06Z INFO  parabit] Iteration 0: 4 nodes, 4 classes
[2026-04-27T18:18:06Z INFO  parabit] Iteration 0: 4 nodes, 4 classes
[2026-04-27T18:18:06Z INFO  parabit] Iteration 0: 4 nodes, 4 classes
[2026-04-27T18:18:06Z INFO  parabit] Iteration 0: 4 nodes, 4 classes
[2026-04-27T18:18:06Z INFO  parabit] Iteration 0: 4 nodes, 4 classes
[2026-04-27T18:18:06Z INFO  parabit] Iteration 0: 4 nodes, 4 classes
[2026-04-27T18:18:06Z INFO  parabit] Iteration 0: 4 nodes, 4 classes
[2026-04-27T18:18:06Z INFO  parabit] Iteration 0: 4 nodes, 4 classes
[2026-04-27T18:18:06Z INFO  parabit] Iteration 0: 4 nodes, 4 classes
[2026-04-27T18:18:06Z INFO  parabit] Iteration 0: 4 nodes, 4 classes
[2026-04-27T18:18:06Z INFO  parabit] Iteration 0: 4 nodes, 4 classes
[2026-04-27T18:18:06Z INFO  parabit] Iteration 0: 4 nodes, 4 classes
[2026-04-27T18:18:06Z INFO  parabit] Iteration 0: 4 nodes, 4 classes
[2026-04-27T18:18:06Z INFO  parabit] Iteration 0: 4 nodes, 4 classes
[2026-04-27T18:18:06Z INFO  parabit] Iteration 0: 4 nodes, 4 classes
[2026-04-27T18:18:06Z INFO  parabit] Iteration 0: 4 nodes, 4 classes
[2026-04-27T18:18:06Z INFO  parabit] Iteration 0: 4 nodes, 4 classes
[2026-04-27T18:18:06Z INFO  parabit] Iteration 0: 4 nodes, 4 classes
[2026-04-27T18:18:06Z INFO  parabit] Iteration 0: 4 nodes, 4 classes
[2026-04-27T18:18:06Z INFO  parabit] Iteration 0: 4 nodes, 4 classes
[2026-04-27T18:18:06Z INFO  parabit] Iteration 0: 4 nodes, 4 classes
[2026-04-27T18:18:06Z INFO  parabit] Iteration 0: 4 nodes, 4 classes
[2026-04-27T18:18:06Z INFO  parabit] Iteration 0: 4 nodes, 4 classes
[2026-04-27T18:18:06Z INFO  parabit] Iteration 0: 4 nodes, 4 classes
[2026-04-27T18:18:06Z INFO  parabit] Iteration 0: 4 nodes, 4 classes
[2026-04-27T18:18:06Z INFO  parabit] Iteration 0: 4 nodes, 4 classes
[2026-04-27T18:18:06Z INFO  parabit] Iteration 0: 4 nodes, 4 classes
[2026-04-27T18:18:06Z INFO  parabit] Iteration 0: 4 nodes, 4 classes
[2026-04-27T18:18:06Z INFO  parabit] Iteration 0: 4 nodes, 4 classes
[2026-04-27T18:18:06Z INFO  parabit] Iteration 0: 4 nodes, 4 classes
[2026-04-27T18:18:06Z INFO  parabit] Iteration 0: 4 nodes, 4 classes
[2026-04-27T18:18:06Z INFO  parabit] Iteration 0: 4 nodes, 4 classes
[2026-04-27T18:18:06Z INFO  parabit] Iteration 0: 4 nodes, 4 classes
[2026-04-27T18:18:06Z INFO  parabit] Iteration 0: 4 nodes, 4 classes
[2026-04-27T18:18:06Z INFO  parabit] Iteration 0: 4 nodes, 4 classes
[2026-04-27T18:18:06Z INFO  parabit] Iteration 0: 4 nodes, 4 classes
[2026-04-27T18:18:06Z INFO  parabit] Iteration 0: 4 nodes, 4 classes
[2026-04-27T18:18:06Z INFO  parabit] Iteration 0: 4 nodes, 4 classes
[2026-04-27T18:18:06Z INFO  parabit] Iteration 0: 4 nodes, 4 classes
[2026-04-27T18:18:06Z INFO  parabit] Iteration 0: 4 nodes, 4 classes
[2026-04-27T18:18:06Z INFO  parabit] Iteration 0: 4 nodes, 4 classes
[2026-04-27T18:18:06Z INFO  parabit] Iteration 0: 4 nodes, 4 classes
[2026-04-27T18:18:06Z INFO  parabit] Iteration 0: 4 nodes, 4 classes
[2026-04-27T18:18:06Z INFO  parabit] Iteration 0: 4 nodes, 4 classes
[2026-04-27T18:18:06Z INFO  parabit] Iteration 0: 4 nodes, 4 classes
[2026-04-27T18:18:06Z INFO  parabit] Iteration 0: 4 nodes, 4 classes
[2026-04-27T18:18:06Z INFO  parabit] Iteration 0: 4 nodes, 4 classes
[2026-04-27T18:18:06Z INFO  parabit] Iteration 0: 4 nodes, 4 classes
[2026-04-27T18:18:06Z INFO  parabit] Iteration 0: 4 nodes, 4 classes
[2026-04-27T18:18:06Z INFO  parabit] Iteration 0: 4 nodes, 4 classes
{"elapsed":0.06, "maxrss":4096}
