[2026-04-27T18:17:29Z WARN  parabit] Sanitised input expression 0 from:
    (bw k "%Y")
    to:
    (bw k var_Y)
[2026-04-27T18:17:29Z WARN  parabit] Sanitised input expression 0 from:
    (bw k "%Y")
    to:
    (bw k var_Y)
[2026-04-27T18:17:29Z INFO  parabit] Running parabit on file: Select_1105_values_0
[2026-04-27T18:17:29Z INFO  parabit] Iteration 0: 4 nodes, 4 classes
[2026-04-27T18:17:29Z INFO  parabit] Iteration 0: 4 nodes, 4 classes
[2026-04-27T18:17:29Z INFO  parabit] Iteration 0: 4 nodes, 4 classes
[2026-04-27T18:17:29Z INFO  parabit] Iteration 0: 4 nodes, 4 classes
[2026-04-27T18:17:29Z INFO  parabit] Iteration 0: 4 nodes, 4 classes
[2026-04-27T18:17:29Z INFO  parabit] Iteration 0: 4 nodes, 4 classes
[2026-04-27T18:17:29Z INFO  parabit] Iteration 0: 4 nodes, 4 classes
[2026-04-27T18:17:29Z INFO  parabit] Iteration 0: 4 nodes, 4 classes
[2026-04-27T18:17:29Z INFO  parabit] Iteration 0: 4 nodes, 4 classes
[2026-04-27T18:17:29Z INFO  parabit] Iteration 0: 4 nodes, 4 classes
[2026-04-27T18:17:29Z INFO  parabit] Iteration 0: 4 nodes, 4 classes
[2026-04-27T18:17:29Z INFO  parabit] Iteration 0: 4 nodes, 4 classes
[2026-04-27T18:17:29Z INFO  parabit] Iteration 0: 4 nodes, 4 classes
[2026-04-27T18:17:29Z INFO  parabit] Iteration 0: 4 nodes, 4 classes
[2026-04-27T18:17:29Z INFO  parabit] Iteration 0: 4 nodes, 4 classes
[2026-04-27T18:17:29Z INFO  parabit] Iteration 0: 4 nodes, 4 classes
[2026-04-27T18:17:29Z INFO  parabit] Iteration 0: 4 nodes, 4 classes
[2026-04-27T18:17:29Z INFO  parabit] Iteration 0: 4 nodes, 4 classes
[2026-04-27T18:17:29Z INFO  parabit] Iteration 0: 4 nodes, 4 classes
[2026-04-27T18:17:29Z INFO  parabit] Iteration 0: 4 nodes, 4 classes
[2026-04-27T18:17:29Z INFO  parabit] Iteration 0: 4 nodes, 4 classes
[2026-04-27T18:17:29Z INFO  parabit] Iteration 0: 4 nodes, 4 classes
[2026-04-27T18:17:29Z INFO  parabit] Iteration 0: 4 nodes, 4 classes
[2026-04-27T18:17:29Z INFO  parabit] Iteration 0: 4 nodes, 4 classes
[2026-04-27T18:17:29Z INFO  parabit] Iteration 0: 4 nodes, 4 classes
[2026-04-27T18:17:29Z INFO  parabit] Iteration 0: 4 nodes, 4 classes
[2026-04-27T18:17:29Z INFO  parabit] Iteration 0: 4 nodes, 4 classes
[2026-04-27T18:17:29Z INFO  parabit] Iteration 0: 4 nodes, 4 classes
[2026-04-27T18:17:29Z INFO  parabit] Iteration 0: 4 nodes, 4 classes
[2026-04-27T18:17:29Z INFO  parabit] Iteration 0: 4 nodes, 4 classes
[2026-04-27T18:17:29Z INFO  parabit] Iteration 0: 4 nodes, 4 classes
[2026-04-27T18:17:29Z INFO  parabit] Iteration 0: 4 nodes, 4 classes
[2026-04-27T18:17:29Z INFO  parabit] Iteration 0: 4 nodes, 4 classes
[2026-04-27T18:17:29Z INFO  parabit] Iteration 0: 4 nodes, 4 classes
[2026-04-27T18:17:29Z INFO  parabit] Iteration 0: 4 nodes, 4 classes
[2026-04-27T18:17:29Z INFO  parabit] Iteration 0: 4 nodes, 4 classes
[2026-04-27T18:17:29Z INFO  parabit] Iteration 0: 4 nodes, 4 classes
[2026-04-27T18:17:29Z INFO  parabit] Iteration 0: 4 nodes, 4 classes
[2026-04-27T18:17:29Z INFO  parabit] Iteration 0: 4 nodes, 4 classes
[2026-04-27T18:17:29Z INFO  parabit] Iteration 0: 4 nodes, 4 classes
[2026-04-27T18:17:29Z INFO  parabit] Iteration 0: 4 nodes, 4 classes
[2026-04-27T18:17:29Z INFO  parabit] Iteration 0: 4 nodes, 4 classes
[2026-04-27T18:17:29Z INFO  parabit] Iteration 0: 4 nodes, 4 classes
[2026-04-27T18:17:29Z INFO  parabit] Iteration 0: 4 nodes, 4 classes
[2026-04-27T18:17:29Z INFO  parabit] Iteration 0: 4 nodes, 4 classes
[2026-04-27T18:17:29Z INFO  parabit] Iteration 0: 4 nodes, 4 classes
[2026-04-27T18:17:29Z INFO  parabit] Iteration 0: 4 nodes, 4 classes
[2026-04-27T18:17:29Z INFO  parabit] Iteration 0: 4 nodes, 4 classes
[2026-04-27T18:17:29Z INFO  parabit] Iteration 0: 4 nodes, 4 classes
[2026-04-27T18:17:29Z INFO  parabit] Iteration 0: 4 nodes, 4 classes
[2026-04-27T18:17:29Z INFO  parabit] Iteration 0: 4 nodes, 4 classes
[2026-04-27T18:17:29Z INFO  parabit] Iteration 0: 4 nodes, 4 classes
[2026-04-27T18:17:29Z INFO  parabit] Iteration 0: 4 nodes, 4 classes
[2026-04-27T18:17:29Z INFO  parabit] Iteration 0: 4 nodes, 4 classes
[2026-04-27T18:17:29Z INFO  parabit] Iteration 0: 4 nodes, 4 classes
[2026-04-27T18:17:29Z INFO  parabit] Iteration 0: 4 nodes, 4 classes
[2026-04-27T18:17:29Z INFO  parabit] Iteration 0: 4 nodes, 4 classes
[2026-04-27T18:17:29Z INFO  parabit] Iteration 0: 4 nodes, 4 classes
[2026-04-27T18:17:29Z INFO  parabit] Iteration 0: 4 nodes, 4 classes
[2026-04-27T18:17:29Z INFO  parabit] Iteration 0: 4 nodes, 4 classes
[2026-04-27T18:17:29Z INFO  parabit] Iteration 0: 4 nodes, 4 classes
[2026-04-27T18:17:29Z INFO  parabit] Iteration 0: 4 nodes, 4 classes
[2026-04-27T18:17:29Z INFO  parabit] Iteration 0: 4 nodes, 4 classes
[2026-04-27T18:17:29Z INFO  parabit] Iteration 0: 4 nodes, 4 classes
[2026-04-27T18:17:29Z INFO  parabit] Iteration 0: 4 nodes, 4 classes
[2026-04-27T18:17:29Z INFO  parabit] Iteration 0: 4 nodes, 4 classes
[2026-04-27T18:17:29Z INFO  parabit] Iteration 0: 4 nodes, 4 classes
[2026-04-27T18:17:29Z INFO  parabit] Iteration 0: 4 nodes, 4 classes
[2026-04-27T18:17:29Z INFO  parabit] Iteration 0: 4 nodes, 4 classes
[2026-04-27T18:17:29Z INFO  parabit] Iteration 0: 4 nodes, 4 classes
[2026-04-27T18:17:29Z INFO  parabit] Iteration 0: 4 nodes, 4 classes
[2026-04-27T18:17:29Z INFO  parabit] Iteration 0: 4 nodes, 4 classes
[2026-04-27T18:17:29Z INFO  parabit] Iteration 0: 4 nodes, 4 classes
[2026-04-27T18:17:29Z INFO  parabit] Iteration 0: 4 nodes, 4 classes
[2026-04-27T18:17:29Z INFO  parabit] Iteration 0: 4 nodes, 4 classes
[2026-04-27T18:17:29Z INFO  parabit] Iteration 0: 4 nodes, 4 classes
[2026-04-27T18:17:29Z INFO  parabit] Iteration 0: 4 nodes, 4 classes
[2026-04-27T18:17:29Z INFO  parabit] Iteration 0: 4 nodes, 4 classes
[2026-04-27T18:17:29Z INFO  parabit] Iteration 0: 4 nodes, 4 classes
[2026-04-27T18:17:29Z INFO  parabit] Iteration 0: 4 nodes, 4 classes
[2026-04-27T18:17:29Z INFO  parabit] Iteration 0: 4 nodes, 4 classes
[2026-04-27T18:17:29Z INFO  parabit] Iteration 0: 4 nodes, 4 classes
[2026-04-27T18:17:29Z INFO  parabit] Iteration 0: 4 nodes, 4 classes
[2026-04-27T18:17:29Z INFO  parabit] Iteration 0: 4 nodes, 4 classes
[2026-04-27T18:17:29Z INFO  parabit] Iteration 0: 4 nodes, 4 classes
[2026-04-27T18:17:29Z INFO  parabit] Iteration 0: 4 nodes, 4 classes
[2026-04-27T18:17:29Z INFO  parabit] Iteration 0: 4 nodes, 4 classes
[2026-04-27T18:17:29Z INFO  parabit] Iteration 0: 4 nodes, 4 classes
[2026-04-27T18:17:29Z INFO  parabit] Iteration 0: 4 nodes, 4 classes
[2026-04-27T18:17:29Z INFO  parabit] Iteration 0: 4 nodes, 4 classes
[2026-04-27T18:17:29Z INFO  parabit] Iteration 0: 4 nodes, 4 classes
[2026-04-27T18:17:29Z INFO  parabit] Iteration 0: 4 nodes, 4 classes
[2026-04-27T18:17:29Z INFO  parabit] Iteration 0: 4 nodes, 4 classes
[2026-04-27T18:17:29Z INFO  parabit] Iteration 0: 4 nodes, 4 classes
[2026-04-27T18:17:29Z INFO  parabit] Iteration 0: 4 nodes, 4 classes
[2026-04-27T18:17:29Z INFO  parabit] Iteration 0: 4 nodes, 4 classes
[2026-04-27T18:17:29Z INFO  parabit] Iteration 0: 4 nodes, 4 classes
[2026-04-27T18:17:29Z INFO  parabit] Iteration 0: 4 nodes, 4 classes
[2026-04-27T18:17:29Z INFO  parabit] Iteration 0: 4 nodes, 4 classes
[2026-04-27T18:17:29Z INFO  parabit] Iteration 0: 4 nodes, 4 classes
{"elapsed":0.09, "maxrss":4224}
